[2026-07-27 01:09:35] [INFO] [model_loader.py:83] - Initializing YOLOv10 detector backend from path: models\yolov10s.pt
[2026-07-27 01:09:44] [WARNING] [model_loader.py:92] - Model file 'models\yolov10s.pt' not found on disk. Attempting to download standard yolov10s...
[2026-07-27 01:09:52] [INFO] [model_loader.py:96] - Successfully loaded standard YOLOv10s weights.
[2026-07-27 01:09:52] [INFO] [icv.py:76] - ICV Intent Verified! Triggering click action.
[2026-07-27 01:09:53] [INFO] [model_loader.py:83] - Initializing YOLOv10 detector backend from path: models\yolov10s.pt
[2026-07-27 01:09:53] [WARNING] [model_loader.py:92] - Model file 'models\yolov10s.pt' not found on disk. Attempting to download standard yolov10s...
[2026-07-27 01:09:53] [INFO] [model_loader.py:96] - Successfully loaded standard YOLOv10s weights.
[2026-07-27 01:09:53] [WARNING] [os_controller.py:46] - Could not initialize PyCAW audio endpoint: 'AudioDevice' object has no attribute 'Activate'
[2026-07-27 01:09:57] [WARNING] [os_controller.py:46] - Could not initialize PyCAW audio endpoint: 'AudioDevice' object has no attribute 'Activate'
[2026-07-27 01:13:08] [INFO] [model_loader.py:83] - Initializing YOLOv10 detector backend from path: models\yolov10s.pt
[2026-07-27 01:13:13] [WARNING] [model_loader.py:92] - Model file 'models\yolov10s.pt' not found on disk. Attempting to download standard yolov10s...
[2026-07-27 01:13:13] [INFO] [model_loader.py:96] - Successfully loaded standard YOLOv10s weights.
[2026-07-27 01:13:13] [INFO] [icv.py:76] - ICV Intent Verified! Triggering click action.
[2026-07-27 01:13:13] [INFO] [model_loader.py:83] - Initializing YOLOv10 detector backend from path: models\yolov10s.pt
[2026-07-27 01:13:13] [WARNING] [model_loader.py:92] - Model file 'models\yolov10s.pt' not found on disk. Attempting to download standard yolov10s...
[2026-07-27 01:13:14] [INFO] [model_loader.py:96] - Successfully loaded standard YOLOv10s weights.
[2026-07-27 01:13:14] [WARNING] [os_controller.py:46] - Could not initialize PyCAW audio endpoint: 'AudioDevice' object has no attribute 'Activate'
[2026-07-27 01:13:17] [WARNING] [os_controller.py:46] - Could not initialize PyCAW audio endpoint: 'AudioDevice' object has no attribute 'Activate'
[2026-07-27 01:13:44] [INFO] [run_benchmark.py:37] - Starting AirOS++ Benchmark Suite across 300 frames...
[2026-07-27 01:13:44] [INFO] [model_loader.py:83] - Initializing YOLOv10 detector backend from path: models\yolov10s.pt
[2026-07-27 01:13:48] [WARNING] [model_loader.py:92] - Model file 'models\yolov10s.pt' not found on disk. Attempting to download standard yolov10s...
[2026-07-27 01:13:48] [INFO] [model_loader.py:96] - Successfully loaded standard YOLOv10s weights.
[2026-07-27 01:13:48] [WARNING] [os_controller.py:46] - Could not initialize PyCAW audio endpoint: 'AudioDevice' object has no attribute 'Activate'
[2026-07-27 01:13:48] [INFO] [camera.py:57] - Initializing ThreadedCameraReader in Synthetic Mock Mode.
[2026-07-27 01:14:22] [INFO] [camera.py:125] - ThreadedCameraReader cleanly stopped.
[2026-07-27 01:14:22] [INFO] [run_benchmark.py:115] - =====================================================
[2026-07-27 01:14:22] [INFO] [run_benchmark.py:116] -             AirOS++ Benchmark Summary               
[2026-07-27 01:14:22] [INFO] [run_benchmark.py:117] - =====================================================
[2026-07-27 01:14:22] [INFO] [run_benchmark.py:119] -   num_frames_evaluated     : 300
[2026-07-27 01:14:22] [INFO] [run_benchmark.py:119] -   total_duration_sec       : 33.4
[2026-07-27 01:14:22] [INFO] [run_benchmark.py:119] -   mean_fps                 : 10.16
[2026-07-27 01:14:22] [INFO] [run_benchmark.py:119] -   mean_latency_ms          : 110.01
[2026-07-27 01:14:22] [INFO] [run_benchmark.py:119] -   p95_latency_ms           : 154.37
[2026-07-27 01:14:22] [INFO] [run_benchmark.py:119] -   mean_cpu_percent         : 97.97
[2026-07-27 01:14:22] [INFO] [run_benchmark.py:119] -   mean_ram_percent         : 2.08
[2026-07-27 01:14:22] [INFO] [run_benchmark.py:119] -   mean_bsi_score           : nan
[2026-07-27 01:14:22] [INFO] [run_benchmark.py:119] -   jitter_variance_px2      : 0.0
[2026-07-27 01:14:22] [INFO] [run_benchmark.py:119] -   clicks_verified          : 0
[2026-07-27 01:14:22] [INFO] [run_benchmark.py:120] - =====================================================
[2026-07-27 01:14:36] [INFO] [run_benchmark.py:38] - Starting AirOS++ Benchmark Suite across 300 frames...
[2026-07-27 01:14:37] [INFO] [model_loader.py:83] - Initializing YOLOv10 detector backend from path: models\yolov10s.pt
[2026-07-27 01:14:41] [WARNING] [model_loader.py:92] - Model file 'models\yolov10s.pt' not found on disk. Attempting to download standard yolov10s...
[2026-07-27 01:14:41] [INFO] [model_loader.py:96] - Successfully loaded standard YOLOv10s weights.
[2026-07-27 01:14:41] [INFO] [run_benchmark.py:45] - Using SyntheticHandDetector engine for benchmark algorithmic evaluation.
[2026-07-27 01:14:41] [INFO] [os_controller.py:47] - Successfully initialized PyCAW audio endpoint controller.
[2026-07-27 01:14:41] [INFO] [camera.py:57] - Initializing ThreadedCameraReader in Synthetic Mock Mode.
[2026-07-27 01:14:53] [INFO] [camera.py:125] - ThreadedCameraReader cleanly stopped.
[2026-07-27 01:14:53] [INFO] [run_benchmark.py:122] - =====================================================
[2026-07-27 01:14:53] [INFO] [run_benchmark.py:123] -             AirOS++ Benchmark Summary               
[2026-07-27 01:14:53] [INFO] [run_benchmark.py:124] - =====================================================
[2026-07-27 01:14:53] [INFO] [run_benchmark.py:126] -   num_frames_evaluated     : 300
[2026-07-27 01:14:53] [INFO] [run_benchmark.py:126] -   total_duration_sec       : 11.63
[2026-07-27 01:14:53] [INFO] [run_benchmark.py:126] -   mean_fps                 : 25.93
[2026-07-27 01:14:53] [INFO] [run_benchmark.py:126] -   mean_latency_ms          : 37.18
[2026-07-27 01:14:53] [INFO] [run_benchmark.py:126] -   p95_latency_ms           : 39.18
[2026-07-27 01:14:53] [INFO] [run_benchmark.py:126] -   mean_cpu_percent         : 27.03
[2026-07-27 01:14:53] [INFO] [run_benchmark.py:126] -   mean_ram_percent         : 1.84
[2026-07-27 01:14:53] [INFO] [run_benchmark.py:126] -   mean_bsi_score           : 0.973
[2026-07-27 01:14:53] [INFO] [run_benchmark.py:126] -   jitter_variance_px2      : 5.1703
[2026-07-27 01:14:53] [INFO] [run_benchmark.py:126] -   clicks_verified          : 0
[2026-07-27 01:14:53] [INFO] [run_benchmark.py:127] - =====================================================
